2026-08-24 17:11:37,808 [SUPERVISOR]: ======================================================================
2026-08-24 17:11:37,809 [SUPERVISOR]:   24/7 AUTONOMOUS SELF-HEALING SUPERVISOR STARTED
2026-08-24 17:11:37,809 [SUPERVISOR]:   Target Bot: d:\trading bot\mt5_trading_bot\browser_bot\live_ic_markets_bot.py
2026-08-24 17:11:37,809 [SUPERVISOR]: ======================================================================
2026-08-24 17:11:37,809 [SUPERVISOR]: Launching Live Active Trading Bot child process...
2026-08-24 17:11:37,819 [SUPERVISOR]: Bot successfully launched with PID: 14200
2026-08-24 17:12:08,577 [SUPERVISOR]: [CHILD]: 2026-08-24 17:12:08,577 [ERROR] [IC_ActiveManagerBot]: Error in active trade manager loop: 'NoneType' object has no attribute 'retcode'
2026-08-24 17:12:18,613 [SUPERVISOR]: [CHILD]: 2026-08-24 17:12:18,613 [ERROR] [IC_ActiveManagerBot]: Error in active trade manager loop: 'NoneType' object has no attribute 'retcode'
2026-08-24 17:12:33,680 [SUPERVISOR]: [CHILD]: 2026-08-24 17:12:33,680 [ERROR] [IC_ActiveManagerBot]: Error in active trade manager loop: 'NoneType' object has no attribute 'retcode'
2026-08-24 17:12:43,710 [SUPERVISOR]: [CHILD]: 2026-08-24 17:12:43,710 [ERROR] [IC_ActiveManagerBot]: Error in active trade manager loop: 'NoneType' object has no attribute 'retcode'
2026-08-24 17:12:53,743 [SUPERVISOR]: [CHILD]: 2026-08-24 17:12:53,743 [ERROR] [IC_ActiveManagerBot]: Error in active trade manager loop: 'NoneType' object has no attribute 'retcode'
2026-08-24 17:13:18,868 [SUPERVISOR]: [CHILD]: 2026-08-24 17:13:18,868 [ERROR] [IC_ActiveManagerBot]: Error in active trade manager loop: 'NoneType' object has no attribute 'retcode'
2026-08-24 17:14:29,241 [SUPERVISOR]: [CHILD]: 2026-08-24 17:14:29,241 [ERROR] [IC_ActiveManagerBot]: Error in active trade manager loop: 'NoneType' object has no attribute 'retcode'
2026-08-24 17:14:39,272 [SUPERVISOR]: [CHILD]: 2026-08-24 17:14:39,272 [ERROR] [IC_ActiveManagerBot]: Error in active trade manager loop: 'NoneType' object has no attribute 'retcode'
2026-08-24 17:14:49,297 [SUPERVISOR]: [CHILD]: 2026-08-24 17:14:49,297 [ERROR] [IC_ActiveManagerBot]: Error in active trade manager loop: 'NoneType' object has no attribute 'retcode'
2026-08-24 17:14:59,327 [SUPERVISOR]: [CHILD]: 2026-08-24 17:14:59,327 [ERROR] [IC_ActiveManagerBot]: Error in active trade manager loop: 'NoneType' object has no attribute 'retcode'
2026-08-24 17:15:09,361 [SUPERVISOR]: [CHILD]: 2026-08-24 17:15:09,361 [ERROR] [IC_ActiveManagerBot]: Error in active trade manager loop: 'NoneType' object has no attribute 'retcode'
2026-08-24 17:15:19,392 [SUPERVISOR]: [CHILD]: 2026-08-24 17:15:19,392 [ERROR] [IC_ActiveManagerBot]: Error in active trade manager loop: 'NoneType' object has no attribute 'retcode'
2026-08-24 17:15:27,061 [SUPERVISOR]: ======================================================================
2026-08-24 17:15:27,061 [SUPERVISOR]:   24/7 AUTONOMOUS SELF-HEALING SUPERVISOR STARTED
2026-08-24 17:15:27,062 [SUPERVISOR]:   Target Bot: d:\trading bot\mt5_trading_bot\browser_bot\live_ic_markets_bot.py
2026-08-24 17:15:27,062 [SUPERVISOR]: ======================================================================
2026-08-24 17:15:27,062 [SUPERVISOR]: Launching Live Active Trading Bot child process...
2026-08-24 17:15:27,069 [SUPERVISOR]: Bot successfully launched with PID: 18444
2026-08-24 17:15:52,738 [SUPERVISOR]: [CHILD]: 2026-08-24 17:15:52,737 [WARNING] [IC_ActiveManagerBot]: Failed to close ticket 1879262183: (-2, 'Invalid "comment" argument')
2026-08-24 17:15:57,763 [SUPERVISOR]: [CHILD]: 2026-08-24 17:15:57,762 [WARNING] [IC_ActiveManagerBot]: Failed to close ticket 1879262183: (-2, 'Invalid "comment" argument')
2026-08-24 17:16:02,788 [SUPERVISOR]: [CHILD]: 2026-08-24 17:16:02,787 [WARNING] [IC_ActiveManagerBot]: Failed to close ticket 1879262183: (-2, 'Invalid "comment" argument')
2026-08-24 17:16:07,813 [SUPERVISOR]: [CHILD]: 2026-08-24 17:16:07,813 [WARNING] [IC_ActiveManagerBot]: Failed to close ticket 1879262183: (-2, 'Invalid "comment" argument')
2026-08-24 17:16:12,837 [SUPERVISOR]: [CHILD]: 2026-08-24 17:16:12,837 [WARNING] [IC_ActiveManagerBot]: Failed to close ticket 1879262183: (-2, 'Invalid "comment" argument')
2026-08-24 17:16:17,865 [SUPERVISOR]: [CHILD]: 2026-08-24 17:16:17,865 [WARNING] [IC_ActiveManagerBot]: Failed to close ticket 1879262183: (-2, 'Invalid "comment" argument')
2026-08-24 17:16:22,890 [SUPERVISOR]: [CHILD]: 2026-08-24 17:16:22,890 [WARNING] [IC_ActiveManagerBot]: Failed to close ticket 1879262183: (-2, 'Invalid "comment" argument')
2026-08-24 17:16:27,915 [SUPERVISOR]: [CHILD]: 2026-08-24 17:16:27,915 [WARNING] [IC_ActiveManagerBot]: Failed to close ticket 1879262183: (-2, 'Invalid "comment" argument')
2026-08-24 17:16:32,940 [SUPERVISOR]: [CHILD]: 2026-08-24 17:16:32,939 [WARNING] [IC_ActiveManagerBot]: Failed to close ticket 1879262183: (-2, 'Invalid "comment" argument')
2026-08-24 17:16:37,963 [SUPERVISOR]: [CHILD]: 2026-08-24 17:16:37,963 [WARNING] [IC_ActiveManagerBot]: Failed to close ticket 1879262183: (-2, 'Invalid "comment" argument')
2026-08-24 17:16:42,989 [SUPERVISOR]: [CHILD]: 2026-08-24 17:16:42,989 [WARNING] [IC_ActiveManagerBot]: Failed to close ticket 1879262183: (-2, 'Invalid "comment" argument')
2026-08-24 17:16:48,014 [SUPERVISOR]: [CHILD]: 2026-08-24 17:16:48,013 [WARNING] [IC_ActiveManagerBot]: Failed to close ticket 1879262183: (-2, 'Invalid "comment" argument')
2026-08-24 17:16:53,038 [SUPERVISOR]: [CHILD]: 2026-08-24 17:16:53,038 [WARNING] [IC_ActiveManagerBot]: Failed to close ticket 1879262183: (-2, 'Invalid "comment" argument')
2026-08-24 17:16:58,063 [SUPERVISOR]: [CHILD]: 2026-08-24 17:16:58,063 [WARNING] [IC_ActiveManagerBot]: Failed to close ticket 1879262183: (-2, 'Invalid "comment" argument')
2026-08-24 17:17:03,087 [SUPERVISOR]: [CHILD]: 2026-08-24 17:17:03,087 [WARNING] [IC_ActiveManagerBot]: Failed to close ticket 1879262183: (-2, 'Invalid "comment" argument')
2026-08-24 17:17:08,112 [SUPERVISOR]: [CHILD]: 2026-08-24 17:17:08,112 [WARNING] [IC_ActiveManagerBot]: Failed to close ticket 1879262183: (-2, 'Invalid "comment" argument')
2026-08-24 17:17:13,137 [SUPERVISOR]: [CHILD]: 2026-08-24 17:17:13,137 [WARNING] [IC_ActiveManagerBot]: Failed to close ticket 1879262183: (-2, 'Invalid "comment" argument')
2026-08-24 17:17:18,161 [SUPERVISOR]: [CHILD]: 2026-08-24 17:17:18,161 [WARNING] [IC_ActiveManagerBot]: Failed to close ticket 1879262183: (-2, 'Invalid "comment" argument')
2026-08-24 17:17:23,186 [SUPERVISOR]: [CHILD]: 2026-08-24 17:17:23,186 [WARNING] [IC_ActiveManagerBot]: Failed to close ticket 1879262183: (-2, 'Invalid "comment" argument')
2026-08-24 17:17:28,210 [SUPERVISOR]: [CHILD]: 2026-08-24 17:17:28,210 [WARNING] [IC_ActiveManagerBot]: Failed to close ticket 1879262183: (-2, 'Invalid "comment" argument')
2026-08-24 17:17:33,235 [SUPERVISOR]: [CHILD]: 2026-08-24 17:17:33,235 [WARNING] [IC_ActiveManagerBot]: Failed to close ticket 1879262183: (-2, 'Invalid "comment" argument')
2026-08-24 17:17:38,260 [SUPERVISOR]: [CHILD]: 2026-08-24 17:17:38,260 [WARNING] [IC_ActiveManagerBot]: Failed to close ticket 1879262183: (-2, 'Invalid "comment" argument')
2026-08-24 17:17:43,284 [SUPERVISOR]: [CHILD]: 2026-08-24 17:17:43,284 [WARNING] [IC_ActiveManagerBot]: Failed to close ticket 1879262183: (-2, 'Invalid "comment" argument')
2026-08-24 17:17:48,309 [SUPERVISOR]: [CHILD]: 2026-08-24 17:17:48,309 [WARNING] [IC_ActiveManagerBot]: Failed to close ticket 1879262183: (-2, 'Invalid "comment" argument')
2026-08-24 17:17:53,333 [SUPERVISOR]: [CHILD]: 2026-08-24 17:17:53,333 [WARNING] [IC_ActiveManagerBot]: Failed to close ticket 1879262183: (-2, 'Invalid "comment" argument')
2026-08-24 17:17:58,358 [SUPERVISOR]: [CHILD]: 2026-08-24 17:17:58,358 [WARNING] [IC_ActiveManagerBot]: Failed to close ticket 1879262183: (-2, 'Invalid "comment" argument')
2026-08-24 17:18:03,384 [SUPERVISOR]: [CHILD]: 2026-08-24 17:18:03,384 [WARNING] [IC_ActiveManagerBot]: Failed to close ticket 1879262183: (-2, 'Invalid "comment" argument')
2026-08-24 17:18:08,408 [SUPERVISOR]: [CHILD]: 2026-08-24 17:18:08,408 [WARNING] [IC_ActiveManagerBot]: Failed to close ticket 1879262183: (-2, 'Invalid "comment" argument')
2026-08-24 17:18:13,433 [SUPERVISOR]: [CHILD]: 2026-08-24 17:18:13,433 [WARNING] [IC_ActiveManagerBot]: Failed to close ticket 1879262183: (-2, 'Invalid "comment" argument')
2026-08-24 17:18:18,460 [SUPERVISOR]: [CHILD]: 2026-08-24 17:18:18,459 [WARNING] [IC_ActiveManagerBot]: Failed to close ticket 1879262183: (-2, 'Invalid "comment" argument')
2026-08-24 17:18:23,484 [SUPERVISOR]: [CHILD]: 2026-08-24 17:18:23,484 [WARNING] [IC_ActiveManagerBot]: Failed to close ticket 1879262183: (-2, 'Invalid "comment" argument')
2026-08-24 17:18:28,512 [SUPERVISOR]: [CHILD]: 2026-08-24 17:18:28,512 [WARNING] [IC_ActiveManagerBot]: Failed to close ticket 1879262183: (-2, 'Invalid "comment" argument')
2026-08-24 17:18:33,537 [SUPERVISOR]: [CHILD]: 2026-08-24 17:18:33,537 [WARNING] [IC_ActiveManagerBot]: Failed to close ticket 1879262183: (-2, 'Invalid "comment" argument')
2026-08-24 17:18:38,562 [SUPERVISOR]: [CHILD]: 2026-08-24 17:18:38,562 [WARNING] [IC_ActiveManagerBot]: Failed to close ticket 1879262183: (-2, 'Invalid "comment" argument')
2026-08-24 17:18:43,586 [SUPERVISOR]: [CHILD]: 2026-08-24 17:18:43,586 [WARNING] [IC_ActiveManagerBot]: Failed to close ticket 1879262183: (-2, 'Invalid "comment" argument')
2026-08-24 17:18:48,611 [SUPERVISOR]: [CHILD]: 2026-08-24 17:18:48,611 [WARNING] [IC_ActiveManagerBot]: Failed to close ticket 1879262183: (-2, 'Invalid "comment" argument')
2026-08-24 17:18:53,636 [SUPERVISOR]: [CHILD]: 2026-08-24 17:18:53,636 [WARNING] [IC_ActiveManagerBot]: Failed to close ticket 1879262183: (-2, 'Invalid "comment" argument')
2026-08-24 17:18:58,660 [SUPERVISOR]: [CHILD]: 2026-08-24 17:18:58,660 [WARNING] [IC_ActiveManagerBot]: Failed to close ticket 1879262183: (-2, 'Invalid "comment" argument')
2026-08-24 17:19:03,684 [SUPERVISOR]: [CHILD]: 2026-08-24 17:19:03,684 [WARNING] [IC_ActiveManagerBot]: Failed to close ticket 1879262183: (-2, 'Invalid "comment" argument')
2026-08-24 17:19:08,709 [SUPERVISOR]: [CHILD]: 2026-08-24 17:19:08,709 [WARNING] [IC_ActiveManagerBot]: Failed to close ticket 1879262183: (-2, 'Invalid "comment" argument')
2026-08-24 17:20:22,829 [SUPERVISOR]: ======================================================================
2026-08-24 17:20:22,830 [SUPERVISOR]:   24/7 AUTONOMOUS SELF-HEALING SUPERVISOR STARTED
2026-08-24 17:20:22,830 [SUPERVISOR]:   Target Bot: d:\trading bot\mt5_trading_bot\browser_bot\live_ic_markets_bot.py
2026-08-24 17:20:22,830 [SUPERVISOR]: ======================================================================
2026-08-24 17:20:22,830 [SUPERVISOR]: Launching Live Active Trading Bot child process...
2026-08-24 17:20:22,838 [SUPERVISOR]: Bot successfully launched with PID: 20024
2026-08-24 17:24:55,385 [SUPERVISOR]: [CHILD]: logger.info(f"\u26a1 CLOSED TICKET #{ticket} ({symbol} {volume}L) @ {close_price} | Reason: {reason}")
2026-08-24 17:24:55,386 [SUPERVISOR]: [CHILD]: Message: '\u26a1 CLOSED TICKET #1879074860 (GBPUSD 0.02L) @ 1.36384 | Reason: M15_STRUCTURE_BREAK'
2026-08-24 17:25:20,535 [SUPERVISOR]: [CHILD]: 2026-08-24 17:25:20,535 [INFO] [IC_ActiveManagerBot]: [HEARTBEAT] Account Healthy | Balance: $208.86 | Equity: $206.66 | Net Floating: $-2.20
2026-08-24 17:25:31,189 [SUPERVISOR]: [CHILD]: logger.info(f"\u26a1 CLOSED TICKET #{ticket} ({symbol} {volume}L) @ {close_price} | Reason: {reason}")
2026-08-24 17:25:31,189 [SUPERVISOR]: [CHILD]: Message: '\u26a1 CLOSED TICKET #1879262183 (USDJPY 0.02L) @ 159.059 | Reason: TRAILING_STOP_HIT (R=-1.01)'
2026-08-24 17:30:22,636 [SUPERVISOR]: [CHILD]: 2026-08-24 17:30:22,635 [INFO] [IC_ActiveManagerBot]: [HEARTBEAT] Account Healthy | Balance: $207.27 | Equity: $206.79 | Net Floating: $-0.48
2026-08-24 17:35:24,106 [SUPERVISOR]: [CHILD]: 2026-08-24 17:35:24,106 [INFO] [IC_ActiveManagerBot]: [HEARTBEAT] Account Healthy | Balance: $207.27 | Equity: $207.21 | Net Floating: $-0.06
2026-08-24 17:40:25,566 [SUPERVISOR]: [CHILD]: 2026-08-24 17:40:25,566 [INFO] [IC_ActiveManagerBot]: [HEARTBEAT] Account Healthy | Balance: $207.27 | Equity: $207.37 | Net Floating: $+0.10
2026-08-24 17:45:27,030 [SUPERVISOR]: [CHILD]: 2026-08-24 17:45:27,029 [INFO] [IC_ActiveManagerBot]: [HEARTBEAT] Account Healthy | Balance: $207.27 | Equity: $207.11 | Net Floating: $-0.16
2026-08-24 17:50:28,522 [SUPERVISOR]: [CHILD]: 2026-08-24 17:50:28,522 [INFO] [IC_ActiveManagerBot]: [HEARTBEAT] Account Healthy | Balance: $207.27 | Equity: $206.43 | Net Floating: $-0.84
2026-08-24 17:53:24,963 [SUPERVISOR]: [CHILD]: logger.info(f"\u26a1 CLOSED TICKET #{ticket} ({symbol} {volume}L) @ {close_price} | Reason: {reason}")
2026-08-24 17:53:24,963 [SUPERVISOR]: [CHILD]: Message: '\u26a1 CLOSED TICKET #1879381554 (EURUSD 0.02L) @ 1.16723 | Reason: M15_STRUCTURE_BREAK'
2026-08-24 17:55:30,603 [SUPERVISOR]: [CHILD]: 2026-08-24 17:55:30,603 [INFO] [IC_ActiveManagerBot]: [HEARTBEAT] Account Healthy | Balance: $205.56 | Equity: $205.56 | Net Floating: $+0.00
2026-08-24 18:00:32,072 [SUPERVISOR]: [CHILD]: 2026-08-24 18:00:32,072 [INFO] [IC_ActiveManagerBot]: [HEARTBEAT] Account Healthy | Balance: $205.56 | Equity: $205.56 | Net Floating: $+0.00
2026-08-24 18:05:33,550 [SUPERVISOR]: [CHILD]: 2026-08-24 18:05:33,549 [INFO] [IC_ActiveManagerBot]: [HEARTBEAT] Account Healthy | Balance: $205.56 | Equity: $205.56 | Net Floating: $+0.00
2026-08-24 18:10:35,009 [SUPERVISOR]: [CHILD]: 2026-08-24 18:10:35,009 [INFO] [IC_ActiveManagerBot]: [HEARTBEAT] Account Healthy | Balance: $205.56 | Equity: $205.56 | Net Floating: $+0.00
2026-08-24 18:15:36,472 [SUPERVISOR]: [CHILD]: 2026-08-24 18:15:36,472 [INFO] [IC_ActiveManagerBot]: [HEARTBEAT] Account Healthy | Balance: $205.56 | Equity: $205.56 | Net Floating: $+0.00
2026-08-24 18:20:37,924 [SUPERVISOR]: [CHILD]: 2026-08-24 18:20:37,924 [INFO] [IC_ActiveManagerBot]: [HEARTBEAT] Account Healthy | Balance: $205.56 | Equity: $205.56 | Net Floating: $+0.00
2026-08-24 18:25:39,381 [SUPERVISOR]: [CHILD]: 2026-08-24 18:25:39,381 [INFO] [IC_ActiveManagerBot]: [HEARTBEAT] Account Healthy | Balance: $205.56 | Equity: $205.56 | Net Floating: $+0.00
2026-08-24 18:30:40,841 [SUPERVISOR]: [CHILD]: 2026-08-24 18:30:40,841 [INFO] [IC_ActiveManagerBot]: [HEARTBEAT] Account Healthy | Balance: $205.56 | Equity: $205.56 | Net Floating: $+0.00
2026-08-24 18:35:42,302 [SUPERVISOR]: [CHILD]: 2026-08-24 18:35:42,302 [INFO] [IC_ActiveManagerBot]: [HEARTBEAT] Account Healthy | Balance: $205.56 | Equity: $205.56 | Net Floating: $+0.00
2026-08-24 18:40:43,754 [SUPERVISOR]: [CHILD]: 2026-08-24 18:40:43,754 [INFO] [IC_ActiveManagerBot]: [HEARTBEAT] Account Healthy | Balance: $205.56 | Equity: $205.56 | Net Floating: $+0.00
2026-08-24 18:45:45,241 [SUPERVISOR]: [CHILD]: 2026-08-24 18:45:45,241 [INFO] [IC_ActiveManagerBot]: [HEARTBEAT] Account Healthy | Balance: $205.56 | Equity: $205.56 | Net Floating: $+0.00
2026-08-24 18:50:46,989 [SUPERVISOR]: [CHILD]: 2026-08-24 18:50:46,989 [INFO] [IC_ActiveManagerBot]: [HEARTBEAT] Account Healthy | Balance: $205.56 | Equity: $205.56 | Net Floating: $+0.00
2026-08-24 18:51:39,902 [SUPERVISOR]: ======================================================================
2026-08-24 18:51:39,902 [SUPERVISOR]:   24/7 AUTONOMOUS SELF-HEALING SUPERVISOR STARTED
2026-08-24 18:51:39,902 [SUPERVISOR]:   Target Bot: d:\trading bot\mt5_trading_bot\browser_bot\live_ic_markets_bot.py
2026-08-24 18:51:39,902 [SUPERVISOR]: ======================================================================
2026-08-24 18:51:39,902 [SUPERVISOR]: Launching Live Active Trading Bot child process...
2026-08-24 18:51:39,909 [SUPERVISOR]: Bot successfully launched with PID: 5196
2026-08-24 18:56:16,919 [SUPERVISOR]: ======================================================================
2026-08-24 18:56:16,919 [SUPERVISOR]:   24/7 AUTONOMOUS SELF-HEALING SUPERVISOR STARTED
2026-08-24 18:56:16,919 [SUPERVISOR]:   Target Bot: d:\trading bot\mt5_trading_bot\browser_bot\live_ic_markets_bot.py
2026-08-24 18:56:16,919 [SUPERVISOR]: ======================================================================
2026-08-24 18:56:16,919 [SUPERVISOR]: Launching Live Active Trading Bot child process...
2026-08-24 18:56:16,927 [SUPERVISOR]: Bot successfully launched with PID: 2880
2026-08-24 19:01:14,236 [SUPERVISOR]: [CHILD]: 2026-08-24 19:01:14,236 [INFO] [IC_TrendExpansionBot]: [HEARTBEAT] Account Healthy | Balance: $205.56 | Equity: $205.56 | Net Floating: $+0.00
2026-08-24 19:06:15,967 [SUPERVISOR]: [CHILD]: 2026-08-24 19:06:15,967 [INFO] [IC_TrendExpansionBot]: [HEARTBEAT] Account Healthy | Balance: $205.56 | Equity: $205.56 | Net Floating: $+0.00
2026-08-24 19:11:17,688 [SUPERVISOR]: [CHILD]: 2026-08-24 19:11:17,688 [INFO] [IC_TrendExpansionBot]: [HEARTBEAT] Account Healthy | Balance: $205.56 | Equity: $205.56 | Net Floating: $+0.00
2026-08-24 19:14:03,546 [SUPERVISOR]: Bot process exited with code: 3221225786
2026-08-24 19:16:56,454 [SUPERVISOR]: ======================================================================
2026-08-24 19:16:56,455 [SUPERVISOR]:   24/7 AUTONOMOUS SELF-HEALING SUPERVISOR STARTED
2026-08-24 19:16:56,455 [SUPERVISOR]:   Target Bot: d:\trading bot\mt5_trading_bot\browser_bot\live_ic_markets_bot.py
2026-08-24 19:16:56,455 [SUPERVISOR]: ======================================================================
2026-08-24 19:16:56,455 [SUPERVISOR]: Launching Live Active Trading Bot child process...
2026-08-24 19:16:56,464 [SUPERVISOR]: Bot successfully launched with PID: 2664
2026-08-24 19:21:58,694 [SUPERVISOR]: [CHILD]: 2026-08-24 19:21:58,694 [INFO] [IC_TrendExpansionBot]: [HEARTBEAT] Account Healthy | Balance: $205.56 | Equity: $205.56 | Net Floating: $+0.00
2026-08-24 19:27:00,539 [SUPERVISOR]: [CHILD]: 2026-08-24 19:27:00,539 [INFO] [IC_TrendExpansionBot]: [HEARTBEAT] Account Healthy | Balance: $205.56 | Equity: $205.56 | Net Floating: $+0.00
2026-08-24 19:32:02,296 [SUPERVISOR]: [CHILD]: 2026-08-24 19:32:02,296 [INFO] [IC_TrendExpansionBot]: [HEARTBEAT] Account Healthy | Balance: $205.56 | Equity: $205.56 | Net Floating: $+0.00
2026-08-24 19:37:04,020 [SUPERVISOR]: [CHILD]: 2026-08-24 19:37:04,020 [INFO] [IC_TrendExpansionBot]: [HEARTBEAT] Account Healthy | Balance: $205.56 | Equity: $205.56 | Net Floating: $+0.00
2026-08-24 19:42:05,696 [SUPERVISOR]: [CHILD]: 2026-08-24 19:42:05,695 [INFO] [IC_TrendExpansionBot]: [HEARTBEAT] Account Healthy | Balance: $205.56 | Equity: $205.56 | Net Floating: $+0.00
2026-08-24 19:47:07,481 [SUPERVISOR]: [CHILD]: 2026-08-24 19:47:07,481 [INFO] [IC_TrendExpansionBot]: [HEARTBEAT] Account Healthy | Balance: $205.56 | Equity: $205.56 | Net Floating: $+0.00
2026-08-24 19:52:09,148 [SUPERVISOR]: [CHILD]: 2026-08-24 19:52:09,148 [INFO] [IC_TrendExpansionBot]: [HEARTBEAT] Account Healthy | Balance: $205.56 | Equity: $205.56 | Net Floating: $+0.00
2026-08-24 19:58:48,620 [SUPERVISOR]: ======================================================================
2026-08-24 19:58:48,620 [SUPERVISOR]:   24/7 AUTONOMOUS SELF-HEALING SUPERVISOR STARTED
2026-08-24 19:58:48,620 [SUPERVISOR]:   Target Bot: d:\trading bot\mt5_trading_bot\browser_bot\live_ic_markets_bot.py
2026-08-24 19:58:48,620 [SUPERVISOR]: ======================================================================
2026-08-24 19:58:48,621 [SUPERVISOR]: Launching Live Active Trading Bot child process...
2026-08-24 19:58:48,628 [SUPERVISOR]: Bot successfully launched with PID: 18480
2026-08-24 20:03:49,157 [SUPERVISOR]: [CHILD]: 2026-08-24 20:03:49,156 [INFO] [IC_TrendExpansionBot]: [HEARTBEAT] Account Healthy | Balance: $205.56 | Equity: $205.56 | Net Floating: $+0.00
2026-08-24 20:08:50,856 [SUPERVISOR]: [CHILD]: 2026-08-24 20:08:50,856 [INFO] [IC_TrendExpansionBot]: [HEARTBEAT] Account Healthy | Balance: $205.56 | Equity: $205.56 | Net Floating: $+0.00
2026-08-24 20:10:33,637 [SUPERVISOR]: ======================================================================
2026-08-24 20:10:33,638 [SUPERVISOR]:   24/7 AUTONOMOUS SELF-HEALING SUPERVISOR STARTED
2026-08-24 20:10:33,638 [SUPERVISOR]:   Target Bot: d:\trading bot\mt5_trading_bot\browser_bot\live_ic_markets_bot.py
2026-08-24 20:10:33,638 [SUPERVISOR]: ======================================================================
2026-08-24 20:10:33,638 [SUPERVISOR]: Launching Live Active Trading Bot child process...
2026-08-24 20:10:33,646 [SUPERVISOR]: Bot successfully launched with PID: 16888
